001 ------ AWAKENING ------
002 - A MAZE OF RAM CHIPS -
003 --- CLAUSTROPHOBIC! ---
004 ------- CHILLIN' ------
005 --------- MESS --------
006 --- INSIDE THE CELL ---
007 - ABANDONED WAREHOUSE -
008 ------ TAKE CARE! -----
009 - PUSH WHILE YOU CAN! -
010 ------ THE BRIDGE -----
011 ------ THE SHAFT ------
012 -- AN OBSTACLE COURSE -
013 ------ ELETRICITY -----
014 ------ THE STAGES -----
015 ---- THE GRAVEYARD ----
016 ------- HUNTING -------
017 --- CHAIN REACTION! ---
018 ---- TNT OVERLOAD! ----
019 ---- DON'T BOTHER! ----
020 ---- NEAR DISASTER ----
021 -INSIDE THE DEATH MAZE-
022 -- SOMETHING'S WRONG --
023 ----- DON'T FALL! -----
024 - STAR GAZING FEAT. U -
025 ------ OPEN SPACE -----
026 --- BEHIND THE DOOR ---
027 --- HALLWAY TO HELL ---
028 ----- UNDERGROUND -----
029 ------ ABUNDANCE ------
030 -ARTIFICIAL RAINFOREST-
031 -- RESEARCH FACILITY --
032 ------ REACTOR I ------
033 ------ REACTOR II------
034 ---- SURVIVAL RUSH ----
035 ----- GRAVITY RUN -----
036 ---- OVER-DENSITY! ----
037 ------ LABYRINTH ------
038 -- TAKE A BREAK, BOY --
039 ----- STUNT DOUBLE ----
040 ----- QUARANTINE! -----
041 ----- SKYSCRAPER! -----
042 ---- DEADLY SPIRAL ----
043 -- SUPAPLEX ROULETTE --
044 -----------------------
045 -----------------------
046 -----------------------
047 -----------------------
048 -----------------------
049 -----------------------
050 ---- THINK ABOUT IT ---
051 -----------------------
052 -----------------------
053 -----------------------
054 -----------------------
055 -----------------------
056 -----------------------
057 -----------------------
058 -----------------------
059 -----------------------
060 ------ ON THE RUN -----
061 -----------------------
062 -----------------------
063 -----------------------
064 -----------------------
065 -----------------------
066 -----------------------
067 -----------------------
068 -----------------------
069 -----------------------
070 -----------------------
071 -----------------------
072 -----------------------
073 -----------------------
074 -----------------------
075 -----------------------
076 -----------------------
077 -----------------------
078 -----------------------
079 -----------------------
080 -----------------------
081 -----------------------
082 -----------------------
083 -----------------------
084 -----------------------
085 -----------------------
086 -----------------------
087 -----------------------
088 -----------------------
089 -----------------------
090 -----------------------
091 -----------------------
092 -----------------------
093 -----------------------
094 -----------------------
095 -----------------------
096 -----------------------
097 -----------------------
098 -----------------------
099 -----------------------
100 -----------------------
101 -----------------------
102 -----------------------
103 -----------------------
104 -----------------------
105 -----------------------
106 -----------------------
107 -----------------------
108 -----------------------
109 -----------------------
110 -----------------------
111 -----------------------
